[0.013s] Invoking command in '/home/damoon/ROS2_Learning/ros2_ws_2/src/tutorial_interfaces/build/tutorial_interfaces': /usr/bin/cmake /home/damoon/ROS2_Learning/ros2_ws_2/src/tutorial_interfaces -DCMAKE_INSTALL_PREFIX=/home/damoon/ROS2_Learning/ros2_ws_2/src/tutorial_interfaces/install/tutorial_interfaces
[0.024s] -- Found ament_cmake: 2.0.3 (/opt/ros/iron/share/ament_cmake/cmake)
[0.132s] -- Found geometry_msgs: 5.0.0 (/opt/ros/iron/share/geometry_msgs/cmake)
[0.155s] -- Found rosidl_generator_c: 4.0.0 (/opt/ros/iron/share/rosidl_generator_c/cmake)
[0.162s] -- Found rosidl_generator_cpp: 4.0.0 (/opt/ros/iron/share/rosidl_generator_cpp/cmake)
[0.172s] -- Using all available rosidl_typesupport_c: rosidl_typesupport_fastrtps_c;rosidl_typesupport_introspection_c
[0.186s] -- Using all available rosidl_typesupport_cpp: rosidl_typesupport_fastrtps_cpp;rosidl_typesupport_introspection_cpp
[0.276s] -- Found rosidl_default_generators: 1.5.0 (/opt/ros/iron/share/rosidl_default_generators/cmake)
[0.282s] -- Found rosidl_adapter: 4.0.0 (/opt/ros/iron/share/rosidl_adapter/cmake)
[0.483s] Error parsing '/home/damoon/ROS2_Learning/ros2_ws_2/src/tutorial_interfaces/package.xml':
[0.528s] Traceback (most recent call last):
[0.528s]   File "/usr/lib/python3/dist-packages/catkin_pkg/package.py", line 610, in parse_package_string
[0.529s]     root = dom.parseString(data)
[0.529s]   File "/usr/lib/python3.10/xml/dom/minidom.py", line 1998, in parseString
[0.529s]     return expatbuilder.parseString(string)
[0.530s]   File "/usr/lib/python3.10/xml/dom/expatbuilder.py", line 925, in parseString
[0.530s]     return builder.parseString(string)
[0.530s]   File "/usr/lib/python3.10/xml/dom/expatbuilder.py", line 223, in parseString
[0.530s]     parser.Parse(string, True)
[0.531s] xml.parsers.expat.ExpatError: mismatched tag: line 13, column 45
[0.531s] 
[0.531s] During handling of the above exception, another exception occurred:
[0.531s] 
[0.531s] Traceback (most recent call last):
[0.531s]   File "/opt/ros/iron/share/ament_cmake_core/cmake/core/package_xml_2_cmake.py", line 150, in <module>
[0.531s]     main()
[0.531s]   File "/opt/ros/iron/share/ament_cmake_core/cmake/core/package_xml_2_cmake.py", line 53, in main
[0.531s]     raise e
[0.531s]   File "/opt/ros/iron/share/ament_cmake_core/cmake/core/package_xml_2_cmake.py", line 49, in main
[0.531s]     package = parse_package_string(
[0.531s]   File "/usr/lib/python3/dist-packages/catkin_pkg/package.py", line 612, in parse_package_string
[0.532s]     raise InvalidPackage('The manifest contains invalid XML:\n%s' % ex, filename)
[0.532s] catkin_pkg.package.InvalidPackage: Error(s) in package '/home/damoon/ROS2_Learning/ros2_ws_2/src/tutorial_interfaces/package.xml':
[0.532s] The manifest contains invalid XML:
[0.532s] mismatched tag: line 13, column 45
[0.543s] [31mCMake Error at /opt/ros/iron/share/ament_cmake_core/cmake/core/ament_package_xml.cmake:95 (message):
[0.543s]   execute_process(/usr/bin/python3.10
[0.544s]   /opt/ros/iron/share/ament_cmake_core/cmake/core/package_xml_2_cmake.py
[0.544s]   /home/damoon/ROS2_Learning/ros2_ws_2/src/tutorial_interfaces/package.xml
[0.544s]   /home/damoon/ROS2_Learning/ros2_ws_2/src/tutorial_interfaces/build/tutorial_interfaces/ament_cmake_core/package.cmake)
[0.544s]   returned error code 1
[0.544s] Call Stack (most recent call first):
[0.544s]   /opt/ros/iron/share/ament_cmake_core/cmake/core/ament_package_xml.cmake:49 (_ament_package_xml)
[0.544s]   /opt/ros/iron/share/rosidl_cmake/cmake/rosidl_generate_interfaces.cmake:256 (ament_package_xml)
[0.544s]   CMakeLists.txt:13 (rosidl_generate_interfaces)
[0.544s] 
[0.544s] [0m
[0.544s] -- Configuring incomplete, errors occurred!
[0.544s] See also "/home/damoon/ROS2_Learning/ros2_ws_2/src/tutorial_interfaces/build/tutorial_interfaces/CMakeFiles/CMakeOutput.log".
[0.548s] Invoked command in '/home/damoon/ROS2_Learning/ros2_ws_2/src/tutorial_interfaces/build/tutorial_interfaces' returned '1': /usr/bin/cmake /home/damoon/ROS2_Learning/ros2_ws_2/src/tutorial_interfaces -DCMAKE_INSTALL_PREFIX=/home/damoon/ROS2_Learning/ros2_ws_2/src/tutorial_interfaces/install/tutorial_interfaces
