[0.000000] (-) TimerEvent: {}
[0.000596] (tutorial_interfaces) JobQueued: {'identifier': 'tutorial_interfaces', 'dependencies': OrderedDict()}
[0.000639] (tutorial_interfaces) JobStarted: {'identifier': 'tutorial_interfaces'}
[0.008695] (tutorial_interfaces) JobProgress: {'identifier': 'tutorial_interfaces', 'progress': 'cmake'}
[0.009177] (tutorial_interfaces) Command: {'cmd': ['/usr/bin/cmake', '/home/damoon/ROS2_Learning/ros2_ws_2/src/tutorial_interfaces', '-DCMAKE_INSTALL_PREFIX=/home/damoon/ROS2_Learning/ros2_ws_2/src/tutorial_interfaces/install/tutorial_interfaces'], 'cwd': '/home/damoon/ROS2_Learning/ros2_ws_2/src/tutorial_interfaces/build/tutorial_interfaces', 'env': OrderedDict([('LESSOPEN', '| /usr/bin/lesspipe %s'), ('LANGUAGE', 'en_US:'), ('USER', 'damoon'), ('LC_TIME', 'fi_FI.UTF-8'), ('XDG_SESSION_TYPE', 'wayland'), ('SHLVL', '1'), ('LD_LIBRARY_PATH', '/home/damoon/ROS2_Learning/ros2_ws_2/install/turtlesim/lib:/opt/ros/iron/opt/rviz_ogre_vendor/lib:/opt/ros/iron/lib/x86_64-linux-gnu:/opt/ros/iron/lib'), ('HOME', '/home/damoon'), ('OLDPWD', '/home/damoon/ROS2_Learning/ros2_ws_2/src/tutorial_interfaces'), ('DESKTOP_SESSION', 'ubuntu'), ('ROS_PYTHON_VERSION', '3'), ('GNOME_SHELL_SESSION_MODE', 'ubuntu'), ('GTK_MODULES', 'gail:atk-bridge'), ('LC_MONETARY', 'fi_FI.UTF-8'), ('SYSTEMD_EXEC_PID', '4890'), ('DBUS_SESSION_BUS_ADDRESS', 'unix:path=/run/user/1000/bus'), ('COLORTERM', 'truecolor'), ('_colcon_cd_root', '/opt/ros/iron/'), ('IM_CONFIG_PHASE', '1'), ('WAYLAND_DISPLAY', 'wayland-0'), ('COLCON_PREFIX_PATH', '/home/damoon/ROS2_Learning/ros2_ws_2/install'), ('ROS_DISTRO', 'iron'), ('LOGNAME', 'damoon'), ('_', '/usr/bin/colcon'), ('ROS_VERSION', '2'), ('XDG_SESSION_CLASS', 'user'), ('USERNAME', 'damoon'), ('TERM', 'xterm-256color'), ('GNOME_DESKTOP_SESSION_ID', 'this-is-deprecated'), ('PATH', '/opt/ros/iron/bin:/usr/local/sbin:/usr/local/bin:/usr/sbin:/usr/bin:/sbin:/bin:/usr/games:/usr/local/games:/snap/bin:/snap/bin'), ('SESSION_MANAGER', 'local/letc-roseratorkaks:@/tmp/.ICE-unix/1627,unix/letc-roseratorkaks:/tmp/.ICE-unix/1627'), ('XDG_MENU_PREFIX', 'gnome-'), ('LC_ADDRESS', 'fi_FI.UTF-8'), ('GNOME_TERMINAL_SCREEN', '/org/gnome/Terminal/screen/65085ebd_c8fc_4227_8556_a6f5df82fd46'), ('GNOME_SETUP_DISPLAY', ':1'), ('XDG_RUNTIME_DIR', '/run/user/1000'), ('DISPLAY', ':0'), ('LANG', 'en_US.UTF-8'), ('XDG_CURRENT_DESKTOP', 'ubuntu:GNOME'), ('LC_TELEPHONE', 'fi_FI.UTF-8'), ('XMODIFIERS', '@im=ibus'), ('XDG_SESSION_DESKTOP', 'ubuntu'), ('XAUTHORITY', '/run/user/1000/.mutter-Xwaylandauth.KDV961'), ('LS_COLORS', 'rs=0:di=01;34:ln=01;36:mh=00:pi=40;33:so=01;35:do=01;35:bd=40;33;01:cd=40;33;01:or=40;31;01:mi=00:su=37;41:sg=30;43:ca=30;41:tw=30;42:ow=34;42:st=37;44:ex=01;32:*.tar=01;31:*.tgz=01;31:*.arc=01;31:*.arj=01;31:*.taz=01;31:*.lha=01;31:*.lz4=01;31:*.lzh=01;31:*.lzma=01;31:*.tlz=01;31:*.txz=01;31:*.tzo=01;31:*.t7z=01;31:*.zip=01;31:*.z=01;31:*.dz=01;31:*.gz=01;31:*.lrz=01;31:*.lz=01;31:*.lzo=01;31:*.xz=01;31:*.zst=01;31:*.tzst=01;31:*.bz2=01;31:*.bz=01;31:*.tbz=01;31:*.tbz2=01;31:*.tz=01;31:*.deb=01;31:*.rpm=01;31:*.jar=01;31:*.war=01;31:*.ear=01;31:*.sar=01;31:*.rar=01;31:*.alz=01;31:*.ace=01;31:*.zoo=01;31:*.cpio=01;31:*.7z=01;31:*.rz=01;31:*.cab=01;31:*.wim=01;31:*.swm=01;31:*.dwm=01;31:*.esd=01;31:*.jpg=01;35:*.jpeg=01;35:*.mjpg=01;35:*.mjpeg=01;35:*.gif=01;35:*.bmp=01;35:*.pbm=01;35:*.pgm=01;35:*.ppm=01;35:*.tga=01;35:*.xbm=01;35:*.xpm=01;35:*.tif=01;35:*.tiff=01;35:*.png=01;35:*.svg=01;35:*.svgz=01;35:*.mng=01;35:*.pcx=01;35:*.mov=01;35:*.mpg=01;35:*.mpeg=01;35:*.m2v=01;35:*.mkv=01;35:*.webm=01;35:*.webp=01;35:*.ogm=01;35:*.mp4=01;35:*.m4v=01;35:*.mp4v=01;35:*.vob=01;35:*.qt=01;35:*.nuv=01;35:*.wmv=01;35:*.asf=01;35:*.rm=01;35:*.rmvb=01;35:*.flc=01;35:*.avi=01;35:*.fli=01;35:*.flv=01;35:*.gl=01;35:*.dl=01;35:*.xcf=01;35:*.xwd=01;35:*.yuv=01;35:*.cgm=01;35:*.emf=01;35:*.ogv=01;35:*.ogx=01;35:*.aac=00;36:*.au=00;36:*.flac=00;36:*.m4a=00;36:*.mid=00;36:*.midi=00;36:*.mka=00;36:*.mp3=00;36:*.mpc=00;36:*.ogg=00;36:*.ra=00;36:*.wav=00;36:*.oga=00;36:*.opus=00;36:*.spx=00;36:*.xspf=00;36:'), ('GNOME_TERMINAL_SERVICE', ':1.130'), ('SSH_AGENT_LAUNCHER', 'gnome-keyring'), ('SSH_AUTH_SOCK', '/run/user/1000/keyring/ssh'), ('AMENT_PREFIX_PATH', '/home/damoon/ROS2_Learning/ros2_ws_2/install/turtlesim:/home/damoon/ROS2_Learning/ros2_ws_2/install/py_srvcli:/home/damoon/ROS2_Learning/ros2_ws_2/install/py_pubsub:/home/damoon/ROS2_Learning/ros2_ws_2/install/my_package:/home/damoon/ROS2_Learning/ros2_ws_2/install/cpp_pubsub:/opt/ros/iron'), ('SHELL', '/bin/bash'), ('LC_NAME', 'fi_FI.UTF-8'), ('QT_ACCESSIBILITY', '1'), ('GDMSESSION', 'ubuntu'), ('LESSCLOSE', '/usr/bin/lesspipe %s %s'), ('LC_MEASUREMENT', 'fi_FI.UTF-8'), ('LC_IDENTIFICATION', 'fi_FI.UTF-8'), ('ROS_AUTOMATIC_DISCOVERY_RANGE', 'SUBNET'), ('QT_IM_MODULE', 'ibus'), ('PWD', '/home/damoon/ROS2_Learning/ros2_ws_2/src/tutorial_interfaces/build/tutorial_interfaces'), ('LC_ALL', 'en_US.UTF-8'), ('XDG_CONFIG_DIRS', '/etc/xdg/xdg-ubuntu:/etc/xdg'), ('XDG_DATA_DIRS', '/usr/share/ubuntu:/usr/local/share/:/usr/share/:/var/lib/snapd/desktop'), ('PYTHONPATH', '/home/damoon/ROS2_Learning/ros2_ws_2/install/turtlesim/lib/python3.10/site-packages:/home/damoon/ROS2_Learning/ros2_ws_2/install/py_srvcli/lib/python3.10/site-packages:/home/damoon/ROS2_Learning/ros2_ws_2/install/py_pubsub/lib/python3.10/site-packages:/opt/ros/iron/lib/python3.10/site-packages'), ('LC_NUMERIC', 'fi_FI.UTF-8'), ('LC_PAPER', 'fi_FI.UTF-8'), ('COLCON', '1'), ('VTE_VERSION', '6800'), ('CMAKE_PREFIX_PATH', '/home/damoon/ROS2_Learning/ros2_ws_2/install/turtlesim:/home/damoon/ROS2_Learning/ros2_ws_2/install/my_package:/home/damoon/ROS2_Learning/ros2_ws_2/install/cpp_pubsub')]), 'shell': False}
[0.023952] (tutorial_interfaces) StdoutLine: {'line': b'-- Found ament_cmake: 2.0.3 (/opt/ros/iron/share/ament_cmake/cmake)\n'}
[0.104670] (-) TimerEvent: {}
[0.132459] (tutorial_interfaces) StdoutLine: {'line': b'-- Found geometry_msgs: 5.0.0 (/opt/ros/iron/share/geometry_msgs/cmake)\n'}
[0.155461] (tutorial_interfaces) StdoutLine: {'line': b'-- Found rosidl_generator_c: 4.0.0 (/opt/ros/iron/share/rosidl_generator_c/cmake)\n'}
[0.162313] (tutorial_interfaces) StdoutLine: {'line': b'-- Found rosidl_generator_cpp: 4.0.0 (/opt/ros/iron/share/rosidl_generator_cpp/cmake)\n'}
[0.173011] (tutorial_interfaces) StdoutLine: {'line': b'-- Using all available rosidl_typesupport_c: rosidl_typesupport_fastrtps_c;rosidl_typesupport_introspection_c\n'}
[0.186952] (tutorial_interfaces) StdoutLine: {'line': b'-- Using all available rosidl_typesupport_cpp: rosidl_typesupport_fastrtps_cpp;rosidl_typesupport_introspection_cpp\n'}
[0.210892] (-) TimerEvent: {}
[0.276608] (tutorial_interfaces) StdoutLine: {'line': b'-- Found rosidl_default_generators: 1.5.0 (/opt/ros/iron/share/rosidl_default_generators/cmake)\n'}
[0.282665] (tutorial_interfaces) StdoutLine: {'line': b'-- Found rosidl_adapter: 4.0.0 (/opt/ros/iron/share/rosidl_adapter/cmake)\n'}
[0.311444] (-) TimerEvent: {}
[0.426226] (-) TimerEvent: {}
[0.483903] (tutorial_interfaces) StderrLine: {'line': b"Error parsing '/home/damoon/ROS2_Learning/ros2_ws_2/src/tutorial_interfaces/package.xml':\n"}
[0.526626] (-) TimerEvent: {}
[0.528553] (tutorial_interfaces) StderrLine: {'line': b'Traceback (most recent call last):\n'}
[0.528653] (tutorial_interfaces) StderrLine: {'line': b'  File "/usr/lib/python3/dist-packages/catkin_pkg/package.py", line 610, in parse_package_string\n'}
[0.529412] (tutorial_interfaces) StderrLine: {'line': b'    root = dom.parseString(data)\n'}
[0.529484] (tutorial_interfaces) StderrLine: {'line': b'  File "/usr/lib/python3.10/xml/dom/minidom.py", line 1998, in parseString\n'}
[0.530101] (tutorial_interfaces) StderrLine: {'line': b'    return expatbuilder.parseString(string)\n'}
[0.530176] (tutorial_interfaces) StderrLine: {'line': b'  File "/usr/lib/python3.10/xml/dom/expatbuilder.py", line 925, in parseString\n'}
[0.530658] (tutorial_interfaces) StderrLine: {'line': b'    return builder.parseString(string)\n'}
[0.530854] (tutorial_interfaces) StderrLine: {'line': b'  File "/usr/lib/python3.10/xml/dom/expatbuilder.py", line 223, in parseString\n'}
[0.531059] (tutorial_interfaces) StderrLine: {'line': b'    parser.Parse(string, True)\n'}
[0.531127] (tutorial_interfaces) StderrLine: {'line': b'xml.parsers.expat.ExpatError: mismatched tag: line 13, column 45\n'}
[0.531172] (tutorial_interfaces) StderrLine: {'line': b'\n'}
[0.531218] (tutorial_interfaces) StderrLine: {'line': b'During handling of the above exception, another exception occurred:\n'}
[0.531265] (tutorial_interfaces) StderrLine: {'line': b'\n'}
[0.531307] (tutorial_interfaces) StderrLine: {'line': b'Traceback (most recent call last):\n'}
[0.531349] (tutorial_interfaces) StderrLine: {'line': b'  File "/opt/ros/iron/share/ament_cmake_core/cmake/core/package_xml_2_cmake.py", line 150, in <module>\n'}
[0.531515] (tutorial_interfaces) StderrLine: {'line': b'    main()\n'}
[0.531663] (tutorial_interfaces) StderrLine: {'line': b'  File "/opt/ros/iron/share/ament_cmake_core/cmake/core/package_xml_2_cmake.py", line 53, in main\n'}
[0.531717] (tutorial_interfaces) StderrLine: {'line': b'    raise e\n'}
[0.531762] (tutorial_interfaces) StderrLine: {'line': b'  File "/opt/ros/iron/share/ament_cmake_core/cmake/core/package_xml_2_cmake.py", line 49, in main\n'}
[0.531893] (tutorial_interfaces) StderrLine: {'line': b'    package = parse_package_string(\n'}
[0.532059] (tutorial_interfaces) StderrLine: {'line': b'  File "/usr/lib/python3/dist-packages/catkin_pkg/package.py", line 612, in parse_package_string\n'}
[0.532241] (tutorial_interfaces) StderrLine: {'line': b"    raise InvalidPackage('The manifest contains invalid XML:\\n%s' % ex, filename)\n"}
[0.532450] (tutorial_interfaces) StderrLine: {'line': b"catkin_pkg.package.InvalidPackage: Error(s) in package '/home/damoon/ROS2_Learning/ros2_ws_2/src/tutorial_interfaces/package.xml':\n"}
[0.532507] (tutorial_interfaces) StderrLine: {'line': b'The manifest contains invalid XML:\n'}
[0.532552] (tutorial_interfaces) StderrLine: {'line': b'mismatched tag: line 13, column 45\n'}
[0.543785] (tutorial_interfaces) StderrLine: {'line': b'\x1b[31mCMake Error at /opt/ros/iron/share/ament_cmake_core/cmake/core/ament_package_xml.cmake:95 (message):\n'}
[0.543995] (tutorial_interfaces) StderrLine: {'line': b'  execute_process(/usr/bin/python3.10\n'}
[0.544257] (tutorial_interfaces) StderrLine: {'line': b'  /opt/ros/iron/share/ament_cmake_core/cmake/core/package_xml_2_cmake.py\n'}
[0.544317] (tutorial_interfaces) StderrLine: {'line': b'  /home/damoon/ROS2_Learning/ros2_ws_2/src/tutorial_interfaces/package.xml\n'}
[0.544389] (tutorial_interfaces) StderrLine: {'line': b'  /home/damoon/ROS2_Learning/ros2_ws_2/src/tutorial_interfaces/build/tutorial_interfaces/ament_cmake_core/package.cmake)\n'}
[0.544437] (tutorial_interfaces) StderrLine: {'line': b'  returned error code 1\n'}
[0.544481] (tutorial_interfaces) StderrLine: {'line': b'Call Stack (most recent call first):\n'}
[0.544524] (tutorial_interfaces) StderrLine: {'line': b'  /opt/ros/iron/share/ament_cmake_core/cmake/core/ament_package_xml.cmake:49 (_ament_package_xml)\n'}
[0.544568] (tutorial_interfaces) StderrLine: {'line': b'  /opt/ros/iron/share/rosidl_cmake/cmake/rosidl_generate_interfaces.cmake:256 (ament_package_xml)\n'}
[0.544612] (tutorial_interfaces) StderrLine: {'line': b'  CMakeLists.txt:13 (rosidl_generate_interfaces)\n'}
[0.544654] (tutorial_interfaces) StderrLine: {'line': b'\n'}
[0.544696] (tutorial_interfaces) StderrLine: {'line': b'\x1b[0m\n'}
[0.544812] (tutorial_interfaces) StdoutLine: {'line': b'-- Configuring incomplete, errors occurred!\n'}
[0.544893] (tutorial_interfaces) StdoutLine: {'line': b'See also "/home/damoon/ROS2_Learning/ros2_ws_2/src/tutorial_interfaces/build/tutorial_interfaces/CMakeFiles/CMakeOutput.log".\n'}
[0.548872] (tutorial_interfaces) CommandEnded: {'returncode': 1}
[0.549766] (tutorial_interfaces) JobEnded: {'identifier': 'tutorial_interfaces', 'rc': 1}
[0.565243] (-) EventReactorShutdown: {}
