[0.009s] Invoking command in '/home/damoon/ROS2_Learning/ros2_ws_2/src/tutorial_interfaces/build/tutorial_interfaces': /usr/bin/cmake /home/damoon/ROS2_Learning/ros2_ws_2/src/tutorial_interfaces -DCMAKE_INSTALL_PREFIX=/home/damoon/ROS2_Learning/ros2_ws_2/src/tutorial_interfaces/install/tutorial_interfaces
[0.020s] -- Found ament_cmake: 2.0.3 (/opt/ros/iron/share/ament_cmake/cmake)
[0.124s] -- Found geometry_msgs: 5.0.0 (/opt/ros/iron/share/geometry_msgs/cmake)
[0.144s] -- Found rosidl_generator_c: 4.0.0 (/opt/ros/iron/share/rosidl_generator_c/cmake)
[0.151s] -- Found rosidl_generator_cpp: 4.0.0 (/opt/ros/iron/share/rosidl_generator_cpp/cmake)
[0.162s] -- Using all available rosidl_typesupport_c: rosidl_typesupport_fastrtps_c;rosidl_typesupport_introspection_c
[0.175s] -- Using all available rosidl_typesupport_cpp: rosidl_typesupport_fastrtps_cpp;rosidl_typesupport_introspection_cpp
[0.259s] -- Found rosidl_default_generators: 1.5.0 (/opt/ros/iron/share/rosidl_default_generators/cmake)
[0.265s] -- Found rosidl_adapter: 4.0.0 (/opt/ros/iron/share/rosidl_adapter/cmake)
[0.439s] Error parsing '/home/damoon/ROS2_Learning/ros2_ws_2/src/tutorial_interfaces/package.xml':
[0.472s] Traceback (most recent call last):
[0.472s]   File "/usr/lib/python3/dist-packages/catkin_pkg/package.py", line 610, in parse_package_string
[0.472s]     root = dom.parseString(data)
[0.472s]   File "/usr/lib/python3.10/xml/dom/minidom.py", line 1998, in parseString
[0.473s]     return expatbuilder.parseString(string)
[0.473s]   File "/usr/lib/python3.10/xml/dom/expatbuilder.py", line 925, in parseString
[0.473s]     return builder.parseString(string)
[0.473s]   File "/usr/lib/python3.10/xml/dom/expatbuilder.py", line 223, in parseString
[0.473s]     parser.Parse(string, True)
[0.473s] xml.parsers.expat.ExpatError: mismatched tag: line 13, column 45
[0.473s] 
[0.473s] During handling of the above exception, another exception occurred:
[0.474s] 
[0.474s] Traceback (most recent call last):
[0.474s]   File "/opt/ros/iron/share/ament_cmake_core/cmake/core/package_xml_2_cmake.py", line 150, in <module>
[0.474s]     main()
[0.474s]   File "/opt/ros/iron/share/ament_cmake_core/cmake/core/package_xml_2_cmake.py", line 53, in main
[0.474s]     raise e
[0.474s]   File "/opt/ros/iron/share/ament_cmake_core/cmake/core/package_xml_2_cmake.py", line 49, in main
[0.474s]     package = parse_package_string(
[0.474s]   File "/usr/lib/python3/dist-packages/catkin_pkg/package.py", line 612, in parse_package_string
[0.475s]     raise InvalidPackage('The manifest contains invalid XML:\n%s' % ex, filename)
[0.475s] catkin_pkg.package.InvalidPackage: Error(s) in package '/home/damoon/ROS2_Learning/ros2_ws_2/src/tutorial_interfaces/package.xml':
[0.475s] The manifest contains invalid XML:
[0.475s] mismatched tag: line 13, column 45
[0.485s] [31mCMake Error at /opt/ros/iron/share/ament_cmake_core/cmake/core/ament_package_xml.cmake:95 (message):
[0.485s]   execute_process(/usr/bin/python3.10
[0.485s]   /opt/ros/iron/share/ament_cmake_core/cmake/core/package_xml_2_cmake.py
[0.486s]   /home/damoon/ROS2_Learning/ros2_ws_2/src/tutorial_interfaces/package.xml
[0.486s]   /home/damoon/ROS2_Learning/ros2_ws_2/src/tutorial_interfaces/build/tutorial_interfaces/ament_cmake_core/package.cmake)
[0.486s]   returned error code 1
[0.486s] Call Stack (most recent call first):
[0.486s]   /opt/ros/iron/share/ament_cmake_core/cmake/core/ament_package_xml.cmake:49 (_ament_package_xml)
[0.486s]   /opt/ros/iron/share/rosidl_cmake/cmake/rosidl_generate_interfaces.cmake:256 (ament_package_xml)
[0.486s]   CMakeLists.txt:13 (rosidl_generate_interfaces)
[0.486s] 
[0.486s] -- Configuring incomplete, errors occurred!
[0.486s] See also "/home/damoon/ROS2_Learning/ros2_ws_2/src/tutorial_interfaces/build/tutorial_interfaces/CMakeFiles/CMakeOutput.log".
[0.490s] [0m
[0.491s] Invoked command in '/home/damoon/ROS2_Learning/ros2_ws_2/src/tutorial_interfaces/build/tutorial_interfaces' returned '1': /usr/bin/cmake /home/damoon/ROS2_Learning/ros2_ws_2/src/tutorial_interfaces -DCMAKE_INSTALL_PREFIX=/home/damoon/ROS2_Learning/ros2_ws_2/src/tutorial_interfaces/install/tutorial_interfaces
